>>> cc

warning: unknown warning option '-Wno-unsafe-buffer-usage'; did you mean '-Wno-frame-larger-than='? [-Wunknown-warning-option]
warning: unknown warning option '-Wno-reserved-identifier'; did you mean '-Wno-reserved-id-macro'? [-Wunknown-warning-option]
warning: unknown warning option '-Wno-gnu-pointer-arith'; did you mean '-Wno-pointer-arith'? [-Wunknown-warning-option]
In file included from ./CubeMX/TouchGFX/gui/src/model/Model.cpp:1:
In file included from User/Application/Inc\includes.h:16:
In file included from User/Bsp\bsp.h:16:
In file included from CubeMX/Core/Inc\cubemx.h:16:
In file included from CubeMX/Core/Inc/crc.h:29:
In file included from CubeMX/Core/Inc/main.h:30:
In file included from CubeMX/Drivers/STM32F4xx_HAL_Driver/Inc\stm32f4xx_hal.h:29:
In file included from CubeMX/Core/Inc\stm32f4xx_hal_conf.h:287:
CubeMX/Drivers/STM32F4xx_HAL_Driver/Inc\stm32f4xx_hal_dma.h:109:42: warning: commas at the end of enumerator lists are incompatible with C++98 [-Wc++98-compat-pedantic]
  HAL_DMA_STATE_ABORT             = 0x05U,  /*!< DMA Abort state                     */
                                         ^~
In file included from ./CubeMX/TouchGFX/gui/src/model/Model.cpp:1:
In file included from User/Application/Inc\includes.h:16:
In file included from User/Bsp\bsp.h:16:
In file included from CubeMX/Core/Inc\cubemx.h:16:
In file included from CubeMX/Core/Inc/crc.h:29:
In file included from CubeMX/Core/Inc/main.h:30:
In file included from CubeMX/Drivers/STM32F4xx_HAL_Driver/Inc\stm32f4xx_hal.h:29:
In file included from CubeMX/Core/Inc\stm32f4xx_hal_conf.h:407:
CubeMX/Drivers/STM32F4xx_HAL_Driver/Inc\stm32f4xx_hal_tim.h:306:50: warning: commas at the end of enumerator lists are incompatible with C++98 [-Wc++98-compat-pedantic]
  HAL_TIM_CHANNEL_STATE_BUSY              = 0x02U,    /*!< An internal process is ongoing on the TIM channel */
                                                 ^~
CubeMX/Drivers/STM32F4xx_HAL_Driver/Inc\stm32f4xx_hal_tim.h:316:48: warning: commas at the end of enumerator lists are incompatible with C++98 [-Wc++98-compat-pedantic]
  HAL_DMA_BURST_STATE_BUSY              = 0x02U,    /*!< Ongoing DMA Burst       */
                                               ^~
In file included from ./CubeMX/TouchGFX/gui/src/model/Model.cpp:1:
In file included from User/Application/Inc\includes.h:16:
In file included from User/Bsp\bsp.h:16:
In file included from CubeMX/Core/Inc\cubemx.h:19:
CubeMX/Core/Inc/gpio.h:51:17: warning: commas at the end of enumerator lists are incompatible with C++98 [-Wc++98-compat-pedantic]
    WHE_R_TURNDO,
                ^
In file included from ./CubeMX/TouchGFX/gui/src/model/Model.cpp:1:
In file included from User/Application/Inc\includes.h:16:
In file included from User/Bsp\bsp.h:19:
User/Bsp/./usart_ex/usart_ex.h:292:28: warning: C++98 requires newline at end of file [-Wc++98-compat-pedantic]
#endif /* __USART_EX_H__ */
                           ^
In file included from ./CubeMX/TouchGFX/gui/src/model/Model.cpp:1:
In file included from User/Application/Inc\includes.h:16:
In file included from User/Bsp\bsp.h:21:
In file included from User/Bsp/./st77xx_gfx/st77xx.h:15:
User/Bsp\bsp.h:30:21: warning: C++98 requires newline at end of file [-Wc++98-compat-pedantic]
#endif /* __BSP_H */
                    ^
In file included from ./CubeMX/TouchGFX/gui/src/model/Model.cpp:1:
In file included from User/Application/Inc\includes.h:16:
In file included from User/Bsp\bsp.h:21:
User/Bsp/./st77xx_gfx/st77xx.h:20:11: warning: commas at the end of enumerator lists are incompatible with C++98 [-Wc++98-compat-pedantic]
    ST7789,
          ^
User/Bsp/./st77xx_gfx/st77xx.h:156:24: warning: C++98 requires newline at end of file [-Wc++98-compat-pedantic]
#endif /* _ST77xx_H_ */
                       ^
In file included from ./CubeMX/TouchGFX/gui/src/model/Model.cpp:1:
In file included from User/Application/Inc\includes.h:16:
User/Bsp\bsp.h:30:21: warning: C++98 requires newline at end of file [-Wc++98-compat-pedantic]
#endif /* __BSP_H */
                    ^
In file included from ./CubeMX/TouchGFX/gui/src/model/Model.cpp:1:
In file included from User/Application/Inc\includes.h:18:
In file included from User/Middlewares/FreeRTOS/include\FreeRTOS.h:107:
In file included from User/Middlewares/FreeRTOS/include/portable.h:53:
User/Middlewares/FreeRTOS/portable/GCC/ARM_CM4F\portmacro.h:201:19: warning: use of old-style cast [-Wold-style-cast]
        xReturn = pdFALSE;
                  ^~~~~~~
User/Middlewares/FreeRTOS/include/projdefs.h:52:52: note: expanded from macro 'pdFALSE'
#define pdFALSE                                  ( ( BaseType_t ) 0 )
                                                   ^              ~
In file included from ./CubeMX/TouchGFX/gui/src/model/Model.cpp:1:
In file included from User/Application/Inc\includes.h:18:
In file included from User/Middlewares/FreeRTOS/include\FreeRTOS.h:107:
In file included from User/Middlewares/FreeRTOS/include/portable.h:53:
User/Middlewares/FreeRTOS/portable/GCC/ARM_CM4F\portmacro.h:205:19: warning: use of old-style cast [-Wold-style-cast]
        xReturn = pdTRUE;
                  ^~~~~~
User/Middlewares/FreeRTOS/include/projdefs.h:53:52: note: expanded from macro 'pdTRUE'
#define pdTRUE                                   ( ( BaseType_t ) 1 )
                                                   ^              ~
In file included from ./CubeMX/TouchGFX/gui/src/model/Model.cpp:3:
CubeMX/TouchGFX/gui/include\gui/model/ModelListener.hpp:9:29: warning: 'nullptr' is incompatible with C++98 [-Wc++98-compat]
    ModelListener() : model(nullptr) {}
                            ^
./CubeMX/TouchGFX/gui/src/model/Model.cpp:6:21: warning: 'nullptr' is incompatible with C++98 [-Wc++98-compat]
    : modelListener(nullptr), ctrl_keyValue(0), choosepoint(0), sendpoint(0), 
                    ^
./CubeMX/TouchGFX/gui/src/model/Model.cpp:10:7: warning: field 'r1_right_adsorbed' will be initialized after field 'r1_chassis_status' [-Wreorder-ctor]
      r1_right_adsorbed(0), r1_chassis_status(1), r1_send_msg(0), r2_x_speed(0),
      ^
./CubeMX/TouchGFX/gui/src/model/Model.cpp:15:26: warning: zero as null pointer constant [-Wzero-as-null-pointer-constant]
    if ((ui_msg_queue != NULL) && (modelListener != nullptr)) {
                         ^~~~
                         nullptr
E:\APP_data\Keil\Keil_v5\ARM\ARMCLANG\bin\..\include\string.h:56:14: note: expanded from macro 'NULL'
#define NULL 0                   /* see <stddef.h> */
             ^
./CubeMX/TouchGFX/gui/src/model/Model.cpp:15:53: warning: 'nullptr' is incompatible with C++98 [-Wc++98-compat]
    if ((ui_msg_queue != NULL) && (modelListener != nullptr)) {
                                                    ^
./CubeMX/TouchGFX/gui/src/model/Model.cpp:21:57: warning: use of old-style cast [-Wold-style-cast]
        while (xQueueReceive(ui_msg_queue, &msg, 0U) == pdPASS) {
                                                        ^~~~~~
User/Middlewares/FreeRTOS/include/projdefs.h:59:52: note: expanded from macro 'pdPASS'
#define pdPASS                                   ( pdTRUE )
                                                   ^~~~~~
User/Middlewares/FreeRTOS/include/projdefs.h:53:52: note: expanded from macro 'pdTRUE'
#define pdTRUE                                   ( ( BaseType_t ) 1 )
                                                   ^              ~
In file included from ./CubeMX/TouchGFX/gui/src/model/Model.cpp:3:
CubeMX/TouchGFX/gui/include\gui/model/ModelListener.hpp:6:7: warning: 'ModelListener' has no out-of-line virtual method definitions; its vtable will be emitted in every translation unit [-Wweak-vtables]
class ModelListener
      ^
21 warnings generated.
warning: unknown warning option '-Wno-unsafe-buffer-usage'; did you mean '-Wno-frame-larger-than='? [-Wunknown-warning-option]
warning: unknown warning option '-Wno-reserved-identifier'; did you mean '-Wno-reserved-id-macro'? [-Wunknown-warning-option]
warning: unknown warning option '-Wno-gnu-pointer-arith'; did you mean '-Wno-pointer-arith'? [-Wunknown-warning-option]
In file included from ./CubeMX/TouchGFX/target/TouchGFXHAL.cpp:23:
In file included from CubeMX/TouchGFX/target\TouchGFXHAL.hpp:27:
In file included from CubeMX/TouchGFX/target/generated\TouchGFXGeneratedHAL.hpp:21:
In file included from CubeMX/Middlewares/ST/touchgfx/framework/include\touchgfx/hal/HAL.hpp:24:
CubeMX/Middlewares/ST/touchgfx/framework/include\touchgfx/Bitmap.hpp:257:101: warning: zero as null pointer constant [-Wzero-as-null-pointer-constant]
    static void registerBitmapDatabase(const BitmapData* data, const uint16_t n, uint16_t* cachep = 0, uint32_t csize = 0,
                                                                                                    ^
                                                                                                    nullptr
CubeMX/Middlewares/ST/touchgfx/framework/include\touchgfx/Bitmap.hpp:344:60: warning: zero as null pointer constant [-Wzero-as-null-pointer-constant]
    static bool decompress(BitmapId id, uint16_t* buffer = 0);
                                                           ^
                                                           nullptr
CubeMX/Middlewares/ST/touchgfx/framework/include\touchgfx/Bitmap.hpp:361:62: warning: zero as null pointer constant [-Wzero-as-null-pointer-constant]
    static bool decompressL8(BitmapId id, uint16_t* buffer = 0);
                                                             ^
                                                             nullptr
CubeMX/Middlewares/ST/touchgfx/framework/include\touchgfx/Bitmap.hpp:621:85: warning: zero as null pointer constant [-Wzero-as-null-pointer-constant]
    static uint32_t decompressL8_LZW9(uint8_t* dst, BitmapId id, uint16_t* buffer = 0);
                                                                                    ^
                                                                                    nullptr
CubeMX/Middlewares/ST/touchgfx/framework/include\touchgfx/Bitmap.hpp:108:20: warning: use of old-style cast [-Wold-style-cast]
            return (BitmapFormat)((format_hi << 3) | format_lo);
                   ^             ~~~~~~~~~~~~~~~~~~~~~~~~~~~~~~
CubeMX/Middlewares/ST/touchgfx/framework/include\touchgfx/Bitmap.hpp:148:27: warning: zero as null pointer constant [-Wzero-as-null-pointer-constant]
        assert(bitmaps != 0 && "Bitmap database has not been initialized.");
                          ^
                          nullptr
E:\APP_data\Keil\Keil_v5\ARM\ARMCLANG\bin\..\include\assert.h:85:31: note: expanded from macro 'assert'
#          define assert(e) ((e) ? (void)0 : __CLIBNS __aeabi_assert(#e, __FILE__, __LINE__), __CLANG_IGNORE_ASSUME (__ARM_PROMISE)((e)?1:0) __CLANG_UNIGNORE_ASSUME)
                              ^
In file included from ./CubeMX/TouchGFX/target/TouchGFXHAL.cpp:23:
In file included from CubeMX/TouchGFX/target\TouchGFXHAL.hpp:27:
In file included from CubeMX/TouchGFX/target/generated\TouchGFXGeneratedHAL.hpp:21:
In file included from CubeMX/Middlewares/ST/touchgfx/framework/include\touchgfx/hal/HAL.hpp:24:
CubeMX/Middlewares/ST/touchgfx/framework/include\touchgfx/Bitmap.hpp:148:27: warning: zero as null pointer constant [-Wzero-as-null-pointer-constant]
        assert(bitmaps != 0 && "Bitmap database has not been initialized.");
                          ^
                          nullptr
E:\APP_data\Keil\Keil_v5\ARM\ARMCLANG\bin\..\include\assert.h:85:134: note: expanded from macro 'assert'
#          define assert(e) ((e) ? (void)0 : __CLIBNS __aeabi_assert(#e, __FILE__, __LINE__), __CLANG_IGNORE_ASSUME (__ARM_PROMISE)((e)?1:0) __CLANG_UNIGNORE_ASSUME)
                                                                                                                                     ^
In file included from ./CubeMX/TouchGFX/target/TouchGFXHAL.cpp:23:
In file included from CubeMX/TouchGFX/target\TouchGFXHAL.hpp:27:
In file included from CubeMX/TouchGFX/target/generated\TouchGFXGeneratedHAL.hpp:21:
In file included from CubeMX/Middlewares/ST/touchgfx/framework/include\touchgfx/hal/HAL.hpp:24:
CubeMX/Middlewares/ST/touchgfx/framework/include\touchgfx/Bitmap.hpp:222:27: warning: zero as null pointer constant [-Wzero-as-null-pointer-constant]
        assert(bitmaps != 0 && "Bitmap database has not been initialized.");
                          ^
                          nullptr
E:\APP_data\Keil\Keil_v5\ARM\ARMCLANG\bin\..\include\assert.h:85:31: note: expanded from macro 'assert'
#          define assert(e) ((e) ? (void)0 : __CLIBNS __aeabi_assert(#e, __FILE__, __LINE__), __CLANG_IGNORE_ASSUME (__ARM_PROMISE)((e)?1:0) __CLANG_UNIGNORE_ASSUME)
                              ^
In file included from ./CubeMX/TouchGFX/target/TouchGFXHAL.cpp:23:
In file included from CubeMX/TouchGFX/target\TouchGFXHAL.hpp:27:
In file included from CubeMX/TouchGFX/target/generated\TouchGFXGeneratedHAL.hpp:21:
In file included from CubeMX/Middlewares/ST/touchgfx/framework/include\touchgfx/hal/HAL.hpp:24:
CubeMX/Middlewares/ST/touchgfx/framework/include\touchgfx/Bitmap.hpp:222:27: warning: zero as null pointer constant [-Wzero-as-null-pointer-constant]
        assert(bitmaps != 0 && "Bitmap database has not been initialized.");
                          ^
                          nullptr
E:\APP_data\Keil\Keil_v5\ARM\ARMCLANG\bin\..\include\assert.h:85:134: note: expanded from macro 'assert'
#          define assert(e) ((e) ? (void)0 : __CLIBNS __aeabi_assert(#e, __FILE__, __LINE__), __CLANG_IGNORE_ASSUME (__ARM_PROMISE)((e)?1:0) __CLANG_UNIGNORE_ASSUME)
                                                                                                                                     ^
In file included from ./CubeMX/TouchGFX/target/TouchGFXHAL.cpp:23:
In file included from CubeMX/TouchGFX/target\TouchGFXHAL.hpp:27:
In file included from CubeMX/TouchGFX/target/generated\TouchGFXGeneratedHAL.hpp:21:
In file included from CubeMX/Middlewares/ST/touchgfx/framework/include\touchgfx/hal/HAL.hpp:24:
CubeMX/Middlewares/ST/touchgfx/framework/include\touchgfx/Bitmap.hpp:227:29: warning: zero as null pointer constant [-Wzero-as-null-pointer-constant]
        return ((bitmaps != 0) && (bitmapId < numberOfBitmaps)) ? (bitmaps[bitmapId].extraData != 0) : false;
                            ^
                            nullptr
CubeMX/Middlewares/ST/touchgfx/framework/include\touchgfx/Bitmap.hpp:227:99: warning: zero as null pointer constant [-Wzero-as-null-pointer-constant]
        return ((bitmaps != 0) && (bitmapId < numberOfBitmaps)) ? (bitmaps[bitmapId].extraData != 0) : false;
                                                                                                  ^
                                                                                                  nullptr
In file included from ./CubeMX/TouchGFX/target/TouchGFXHAL.cpp:23:
In file included from CubeMX/TouchGFX/target\TouchGFXHAL.hpp:27:
In file included from CubeMX/TouchGFX/target/generated\TouchGFXGeneratedHAL.hpp:21:
In file included from CubeMX/Middlewares/ST/touchgfx/framework/include\touchgfx/hal/HAL.hpp:25:
CubeMX/Middlewares/ST/touchgfx/framework/include\touchgfx/Drawable.hpp:51:18: warning: zero as null pointer constant [-Wzero-as-null-pointer-constant]
          parent(0),
                 ^
                 nullptr
CubeMX/Middlewares/ST/touchgfx/framework/include\touchgfx/Drawable.hpp:52:23: warning: zero as null pointer constant [-Wzero-as-null-pointer-constant]
          nextSibling(0),
                      ^
                      nullptr
CubeMX/Middlewares/ST/touchgfx/framework/include\touchgfx/Drawable.hpp:53:32: warning: zero as null pointer constant [-Wzero-as-null-pointer-constant]
          nextDrawChainElement(0),
                               ^
                               nullptr
CubeMX/Middlewares/ST/touchgfx/framework/include\touchgfx/Drawable.hpp:149:16: warning: zero as null pointer constant [-Wzero-as-null-pointer-constant]
        return 0;
               ^
               nullptr
In file included from ./CubeMX/TouchGFX/target/TouchGFXHAL.cpp:23:
In file included from CubeMX/TouchGFX/target\TouchGFXHAL.hpp:27:
In file included from CubeMX/TouchGFX/target/generated\TouchGFXGeneratedHAL.hpp:21:
In file included from CubeMX/Middlewares/ST/touchgfx/framework/include\touchgfx/hal/HAL.hpp:28:
CubeMX/Middlewares/ST/touchgfx/framework/include\touchgfx/hal/FrameBufferAllocator.hpp:174:18: warning: use of old-style cast [-Wold-style-cast]
        *block = (uint8_t*)&memory[drawingBlock][0];
                 ^         ~~~~~~~~~~~~~~~~~~~~~~~~
CubeMX/Middlewares/ST/touchgfx/framework/include\touchgfx/hal/FrameBufferAllocator.hpp:224:16: warning: use of old-style cast [-Wold-style-cast]
        return (const uint8_t*)&memory[sendingBlock][0];
               ^               ~~~~~~~~~~~~~~~~~~~~~~~~
In file included from ./CubeMX/TouchGFX/target/TouchGFXHAL.cpp:23:
In file included from CubeMX/TouchGFX/target\TouchGFXHAL.hpp:27:
In file included from CubeMX/TouchGFX/target/generated\TouchGFXGeneratedHAL.hpp:21:
In file included from CubeMX/Middlewares/ST/touchgfx/framework/include\touchgfx/hal/HAL.hpp:30:
CubeMX/Middlewares/ST/touchgfx/framework/include\touchgfx/hal/Gestures.hpp:61:28: warning: zero as null pointer constant [-Wzero-as-null-pointer-constant]
        : drag(), listener(0), dragThresholdValue(0)
                           ^
                           nullptr
In file included from ./CubeMX/TouchGFX/target/TouchGFXHAL.cpp:23:
In file included from CubeMX/TouchGFX/target\TouchGFXHAL.hpp:27:
In file included from CubeMX/TouchGFX/target/generated\TouchGFXGeneratedHAL.hpp:21:
In file included from CubeMX/Middlewares/ST/touchgfx/framework/include\touchgfx/hal/HAL.hpp:32:
In file included from CubeMX/Middlewares/ST/touchgfx/framework/include\touchgfx/lcd/LCD.hpp:33:
CubeMX/Middlewares/ST/touchgfx/framework/include\touchgfx/Font.hpp:204:20: warning: zero as null pointer constant [-Wzero-as-null-pointer-constant]
            return 0;
                   ^
                   nullptr
CubeMX/Middlewares/ST/touchgfx/framework/include\touchgfx/Font.hpp:206:48: warning: zero as null pointer constant [-Wzero-as-null-pointer-constant]
        const uint8_t* dummyPixelDataPointer = 0;
                                               ^
                                               nullptr
CubeMX/Middlewares/ST/touchgfx/framework/include\touchgfx/Font.hpp:453:16: warning: zero as null pointer constant [-Wzero-as-null-pointer-constant]
        return 0;
               ^
               nullptr
CubeMX/Middlewares/ST/touchgfx/framework/include\touchgfx/Font.hpp:463:16: warning: zero as null pointer constant [-Wzero-as-null-pointer-constant]
        return 0;
               ^
               nullptr
In file included from ./CubeMX/TouchGFX/target/TouchGFXHAL.cpp:23:
In file included from CubeMX/TouchGFX/target\TouchGFXHAL.hpp:27:
In file included from CubeMX/TouchGFX/target/generated\TouchGFXGeneratedHAL.hpp:21:
In file included from CubeMX/Middlewares/ST/touchgfx/framework/include\touchgfx/hal/HAL.hpp:32:
In file included from CubeMX/Middlewares/ST/touchgfx/framework/include\touchgfx/lcd/LCD.hpp:34:
CubeMX/Middlewares/ST/touchgfx/framework/include\touchgfx/TextProvider.hpp:57:105: warning: zero as null pointer constant [-Wzero-as-null-pointer-constant]
    void initialize(const Unicode::UnicodeChar* stringFormat, va_list pArg, const uint16_t* gsubTable = 0, const FontContextualFormsTable* formsTable = 0);
                                                                                                        ^
                                                                                                        nullptr
CubeMX/Middlewares/ST/touchgfx/framework/include\touchgfx/TextProvider.hpp:57:153: warning: zero as null pointer constant [-Wzero-as-null-pointer-constant]
    void initialize(const Unicode::UnicodeChar* stringFormat, va_list pArg, const uint16_t* gsubTable = 0, const FontContextualFormsTable* formsTable = 0);
                                                                                                                                                        ^
                                                                                                                                                        nullptr
CubeMX/Middlewares/ST/touchgfx/framework/include\touchgfx/TextProvider.hpp:68:91: warning: zero as null pointer constant [-Wzero-as-null-pointer-constant]
    void initialize(const Unicode::UnicodeChar* stringFormat, const uint16_t* gsubTable = 0, const FontContextualFormsTable* formsTable = 0, ...);
                                                                                          ^
                                                                                          nullptr
CubeMX/Middlewares/ST/touchgfx/framework/include\touchgfx/TextProvider.hpp:68:139: warning: zero as null pointer constant [-Wzero-as-null-pointer-constant]
    void initialize(const Unicode::UnicodeChar* stringFormat, const uint16_t* gsubTable = 0, const FontContextualFormsTable* formsTable = 0, ...);
                                                                                                                                          ^
                                                                                                                                          nullptr
In file included from ./CubeMX/TouchGFX/target/TouchGFXHAL.cpp:23:
In file included from CubeMX/TouchGFX/target\TouchGFXHAL.hpp:27:
In file included from CubeMX/TouchGFX/target/generated\TouchGFXGeneratedHAL.hpp:21:
In file included from CubeMX/Middlewares/ST/touchgfx/framework/include\touchgfx/hal/HAL.hpp:32:
In file included from CubeMX/Middlewares/ST/touchgfx/framework/include\touchgfx/lcd/LCD.hpp:35:
CubeMX/Middlewares/ST/touchgfx/framework/include\touchgfx/TextureMapTypes.hpp:141:12: warning: use of old-style cast [-Wold-style-cast]
    return (float)value / 16.0f;
           ^      ~~~~~
CubeMX/Middlewares/ST/touchgfx/framework/include\touchgfx/TextureMapTypes.hpp:153:12: warning: use of old-style cast [-Wold-style-cast]
    return (fixed28_4)(value * 16);
           ^          ~~~~~~~~~~~~
CubeMX/Middlewares/ST/touchgfx/framework/include\touchgfx/TextureMapTypes.hpp:165:12: warning: use of old-style cast [-Wold-style-cast]
    return (fixed16_16)(value * 65536);
           ^           ~~~~~~~~~~~~~~~
In file included from ./CubeMX/TouchGFX/target/TouchGFXHAL.cpp:23:
In file included from CubeMX/TouchGFX/target\TouchGFXHAL.hpp:27:
In file included from CubeMX/TouchGFX/target/generated\TouchGFXGeneratedHAL.hpp:21:
In file included from CubeMX/Middlewares/ST/touchgfx/framework/include\touchgfx/hal/HAL.hpp:32:
In file included from CubeMX/Middlewares/ST/touchgfx/framework/include\touchgfx/lcd/LCD.hpp:38:
In file included from CubeMX/Middlewares/ST/touchgfx/framework/include\touchgfx/hal/VectorFontRenderer.hpp:22:
CubeMX/Middlewares/ST/touchgfx/framework/include\touchgfx/hal/VectorRenderer.hpp:129:123: warning: zero as null pointer constant [-Wzero-as-null-pointer-constant]
    virtual void drawPath(const uint8_t* cmds, uint32_t nCmds, const float* points, uint32_t nPoints, const float* bbox = 0) = 0;
                                                                                                                          ^
                                                                                                                          nullptr
In file included from ./CubeMX/TouchGFX/target/TouchGFXHAL.cpp:23:
In file included from CubeMX/TouchGFX/target\TouchGFXHAL.hpp:27:
In file included from CubeMX/TouchGFX/target/generated\TouchGFXGeneratedHAL.hpp:21:
In file included from CubeMX/Middlewares/ST/touchgfx/framework/include\touchgfx/hal/HAL.hpp:32:
In file included from CubeMX/Middlewares/ST/touchgfx/framework/include\touchgfx/lcd/LCD.hpp:39:
CubeMX/Middlewares/ST/touchgfx/framework/include\touchgfx/lcd/DebugPrinter.hpp:34:23: warning: zero as null pointer constant [-Wzero-as-null-pointer-constant]
        : debugString(0), debugRegion(), debugForegroundColor(0xffffffff), debugScale(1)
                      ^
                      nullptr
In file included from ./CubeMX/TouchGFX/target/TouchGFXHAL.cpp:23:
In file included from CubeMX/TouchGFX/target\TouchGFXHAL.hpp:27:
In file included from CubeMX/TouchGFX/target/generated\TouchGFXGeneratedHAL.hpp:21:
In file included from CubeMX/Middlewares/ST/touchgfx/framework/include\touchgfx/hal/HAL.hpp:32:
CubeMX/Middlewares/ST/touchgfx/framework/include\touchgfx/lcd/LCD.hpp:59:30: warning: zero as null pointer constant [-Wzero-as-null-pointer-constant]
        : textureMapperClass(0), vectorFontRenderer(0)
                             ^
                             nullptr
CubeMX/Middlewares/ST/touchgfx/framework/include\touchgfx/lcd/LCD.hpp:59:53: warning: zero as null pointer constant [-Wzero-as-null-pointer-constant]
        : textureMapperClass(0), vectorFontRenderer(0)
                                                    ^
                                                    nullptr
CubeMX/Middlewares/ST/touchgfx/framework/include\touchgfx/lcd/LCD.hpp:266:20: warning: zero as null pointer constant [-Wzero-as-null-pointer-constant]
            : font(0), alignment(LEFT), textDirection(TEXT_DIRECTION_LTR), rotation(TEXT_ROTATE_0), color(0), linespace(0), alpha(255), indentation(0), wideTextAction(WIDE_TEXT_NONE)
                   ^
                   nullptr
CubeMX/Middlewares/ST/touchgfx/framework/include\touchgfx/lcd/LCD.hpp:869:27: warning: zero as null pointer constant [-Wzero-as-null-pointer-constant]
            : frameBuffer(0), widgetArea(0), widgetRectY(0), toDraw(0), stringVisuals(0)
                          ^
                          nullptr
CubeMX/Middlewares/ST/touchgfx/framework/include\touchgfx/lcd/LCD.hpp:869:42: warning: zero as null pointer constant [-Wzero-as-null-pointer-constant]
            : frameBuffer(0), widgetArea(0), widgetRectY(0), toDraw(0), stringVisuals(0)
                                         ^
                                         nullptr
CubeMX/Middlewares/ST/touchgfx/framework/include\touchgfx/lcd/LCD.hpp:869:69: warning: zero as null pointer constant [-Wzero-as-null-pointer-constant]
            : frameBuffer(0), widgetArea(0), widgetRectY(0), toDraw(0), stringVisuals(0)
                                                                    ^
                                                                    nullptr
CubeMX/Middlewares/ST/touchgfx/framework/include\touchgfx/lcd/LCD.hpp:869:87: warning: zero as null pointer constant [-Wzero-as-null-pointer-constant]
            : frameBuffer(0), widgetArea(0), widgetRectY(0), toDraw(0), stringVisuals(0)
                                                                                      ^
                                                                                      nullptr
CubeMX/Middlewares/ST/touchgfx/framework/include\touchgfx/lcd/LCD.hpp:902:42: warning: zero as null pointer constant [-Wzero-as-null-pointer-constant]
                    if (ellipsisGlyph != 0)
                                         ^
                                         nullptr
In file included from ./CubeMX/TouchGFX/target/TouchGFXHAL.cpp:23:
In file included from CubeMX/TouchGFX/target\TouchGFXHAL.hpp:27:
In file included from CubeMX/TouchGFX/target/generated\TouchGFXGeneratedHAL.hpp:21:
CubeMX/Middlewares/ST/touchgfx/framework/include\touchgfx/hal/HAL.hpp:60:30: warning: zero as null pointer constant [-Wzero-as-null-pointer-constant]
          mcuInstrumentation(0),
                             ^
                             nullptr
CubeMX/Middlewares/ST/touchgfx/framework/include\touchgfx/hal/HAL.hpp:61:28: warning: zero as null pointer constant [-Wzero-as-null-pointer-constant]
          buttonController(0),
                           ^
                           nullptr
CubeMX/Middlewares/ST/touchgfx/framework/include\touchgfx/hal/HAL.hpp:62:32: warning: zero as null pointer constant [-Wzero-as-null-pointer-constant]
          frameBufferAllocator(0),
                               ^
                               nullptr
CubeMX/Middlewares/ST/touchgfx/framework/include\touchgfx/hal/HAL.hpp:63:31: warning: zero as null pointer constant [-Wzero-as-null-pointer-constant]
          frameBufferListener(0),
                              ^
                              nullptr
CubeMX/Middlewares/ST/touchgfx/framework/include\touchgfx/hal/HAL.hpp:66:25: warning: zero as null pointer constant [-Wzero-as-null-pointer-constant]
          taskDelayFunc(0),
                        ^
                        nullptr
CubeMX/Middlewares/ST/touchgfx/framework/include\touchgfx/hal/HAL.hpp:67:24: warning: zero as null pointer constant [-Wzero-as-null-pointer-constant]
          frameBuffer0(0),
                       ^
                       nullptr
CubeMX/Middlewares/ST/touchgfx/framework/include\touchgfx/hal/HAL.hpp:68:24: warning: zero as null pointer constant [-Wzero-as-null-pointer-constant]
          frameBuffer1(0),
                       ^
                       nullptr
CubeMX/Middlewares/ST/touchgfx/framework/include\touchgfx/hal/HAL.hpp:69:24: warning: zero as null pointer constant [-Wzero-as-null-pointer-constant]
          frameBuffer2(0),
                       ^
                       nullptr
CubeMX/Middlewares/ST/touchgfx/framework/include\touchgfx/hal/HAL.hpp:74:24: warning: zero as null pointer constant [-Wzero-as-null-pointer-constant]
          auxiliaryLCD(0),
                       ^
                       nullptr
CubeMX/Middlewares/ST/touchgfx/framework/include\touchgfx/hal/HAL.hpp:77:20: warning: zero as null pointer constant [-Wzero-as-null-pointer-constant]
          listener(0),
                   ^
                   nullptr
CubeMX/Middlewares/ST/touchgfx/framework/include\touchgfx/hal/HAL.hpp:769:31: warning: zero as null pointer constant [-Wzero-as-null-pointer-constant]
        assert(frameBuffer != 0 && "A framebuffer address must be set");
                              ^
                              nullptr
E:\APP_data\Keil\Keil_v5\ARM\ARMCLANG\bin\..\include\assert.h:85:31: note: expanded from macro 'assert'
#          define assert(e) ((e) ? (void)0 : __CLIBNS __aeabi_assert(#e, __FILE__, __LINE__), __CLANG_IGNORE_ASSUME (__ARM_PROMISE)((e)?1:0) __CLANG_UNIGNORE_ASSUME)
                              ^
In file included from ./CubeMX/TouchGFX/target/TouchGFXHAL.cpp:23:
In file included from CubeMX/TouchGFX/target\TouchGFXHAL.hpp:27:
In file included from CubeMX/TouchGFX/target/generated\TouchGFXGeneratedHAL.hpp:21:
CubeMX/Middlewares/ST/touchgfx/framework/include\touchgfx/hal/HAL.hpp:769:31: warning: zero as null pointer constant [-Wzero-as-null-pointer-constant]
        assert(frameBuffer != 0 && "A framebuffer address must be set");
                              ^
                              nullptr
E:\APP_data\Keil\Keil_v5\ARM\ARMCLANG\bin\..\include\assert.h:85:134: note: expanded from macro 'assert'
#          define assert(e) ((e) ? (void)0 : __CLIBNS __aeabi_assert(#e, __FILE__, __LINE__), __CLANG_IGNORE_ASSUME (__ARM_PROMISE)((e)?1:0) __CLANG_UNIGNORE_ASSUME)
                                                                                                                                     ^
In file included from ./CubeMX/TouchGFX/target/TouchGFXHAL.cpp:23:
In file included from CubeMX/TouchGFX/target\TouchGFXHAL.hpp:27:
In file included from CubeMX/TouchGFX/target/generated\TouchGFXGeneratedHAL.hpp:21:
CubeMX/Middlewares/ST/touchgfx/framework/include\touchgfx/hal/HAL.hpp:772:48: warning: zero as null pointer constant [-Wzero-as-null-pointer-constant]
        USE_DOUBLE_BUFFERING = doubleBuffer != 0;
                                               ^
                                               nullptr
CubeMX/Middlewares/ST/touchgfx/framework/include\touchgfx/hal/HAL.hpp:778:49: warning: use of old-style cast [-Wold-style-cast]
            frameBufferListener->setFrameBuffer((uint8_t*)getClientFrameBuffer(), HAL::FRAME_BUFFER_WIDTH);
                                                ^         ~~~~~~~~~~~~~~~~~~~~~~
CubeMX/Middlewares/ST/touchgfx/framework/include\touchgfx/hal/HAL.hpp:793:53: warning: zero as null pointer constant [-Wzero-as-null-pointer-constant]
        USE_ANIMATION_STORAGE = animationStorage != 0;
                                                    ^
                                                    nullptr
CubeMX/Middlewares/ST/touchgfx/framework/include\touchgfx/hal/HAL.hpp:828:44: warning: unused parameter 'numberOfLines' [-Wunused-parameter]
    virtual void waitForLTDCLines(uint16_t numberOfLines)
                                           ^
CubeMX/Middlewares/ST/touchgfx/framework/include\touchgfx/hal/HAL.hpp:951:54: warning: declaration shadows a field of 'touchgfx::HAL' [-Wshadow]
    void setFrameBufferListener(FrameBufferListener* listener)
                                                     ^
CubeMX/Middlewares/ST/touchgfx/framework/include\touchgfx/hal/HAL.hpp:1444:22: note: previous declaration is here
    UIEventListener* listener;
                     ^
CubeMX/Middlewares/ST/touchgfx/framework/include\touchgfx/hal/HAL.hpp:974:16: warning: zero as null pointer constant [-Wzero-as-null-pointer-constant]
        return 0;
               ^
               nullptr
CubeMX/Middlewares/ST/touchgfx/framework/include\touchgfx/hal/HAL.hpp:1068:34: warning: zero as null pointer constant [-Wzero-as-null-pointer-constant]
            if (taskDelayFunc != 0 && getTFTCurrentLine() != 0xFFFF && !USE_DOUBLE_BUFFERING)
                                 ^
                                 nullptr
In file included from ./CubeMX/TouchGFX/target/TouchGFXHAL.cpp:23:
In file included from CubeMX/TouchGFX/target\TouchGFXHAL.hpp:27:
CubeMX/TouchGFX/target/generated\TouchGFXGeneratedHAL.hpp:46:51: warning: parameter 'dma' shadows member inherited from type 'HAL' [-Wshadow-field]
    TouchGFXGeneratedHAL(touchgfx::DMA_Interface& dma, touchgfx::LCD& display, touchgfx::TouchController& tc, uint16_t width, uint16_t height) :
                                                  ^
CubeMX/Middlewares/ST/touchgfx/framework/include\touchgfx/hal/HAL.hpp:1421:20: note: declared here
    DMA_Interface& dma;                          ///< A reference to the DMA interface.
                   ^
In file included from ./CubeMX/TouchGFX/target/TouchGFXHAL.cpp:23:
CubeMX/TouchGFX/target\TouchGFXHAL.hpp:52:42: warning: parameter 'dma' shadows member inherited from type 'HAL' [-Wshadow-field]
    TouchGFXHAL(touchgfx::DMA_Interface& dma, touchgfx::LCD& display, touchgfx::TouchController& tc, uint16_t width, uint16_t height) : TouchGFXGeneratedHAL(dma, display, tc, width, height)
                                         ^
CubeMX/Middlewares/ST/touchgfx/framework/include\touchgfx/hal/HAL.hpp:1421:20: note: declared here
    DMA_Interface& dma;                          ///< A reference to the DMA interface.
                   ^
In file included from ./CubeMX/TouchGFX/target/TouchGFXHAL.cpp:26:
In file included from User/Application/Inc\includes.h:16:
In file included from User/Bsp\bsp.h:16:
In file included from CubeMX/Core/Inc\cubemx.h:16:
In file included from CubeMX/Core/Inc/crc.h:29:
In file included from CubeMX/Core/Inc/main.h:30:
In file included from CubeMX/Drivers/STM32F4xx_HAL_Driver/Inc\stm32f4xx_hal.h:29:
In file included from CubeMX/Core/Inc\stm32f4xx_hal_conf.h:287:
CubeMX/Drivers/STM32F4xx_HAL_Driver/Inc\stm32f4xx_hal_dma.h:109:42: warning: commas at the end of enumerator lists are incompatible with C++98 [-Wc++98-compat-pedantic]
  HAL_DMA_STATE_ABORT             = 0x05U,  /*!< DMA Abort state                     */
                                         ^~
In file included from ./CubeMX/TouchGFX/target/TouchGFXHAL.cpp:26:
In file included from User/Application/Inc\includes.h:16:
In file included from User/Bsp\bsp.h:16:
In file included from CubeMX/Core/Inc\cubemx.h:16:
In file included from CubeMX/Core/Inc/crc.h:29:
In file included from CubeMX/Core/Inc/main.h:30:
In file included from CubeMX/Drivers/STM32F4xx_HAL_Driver/Inc\stm32f4xx_hal.h:29:
In file included from CubeMX/Core/Inc\stm32f4xx_hal_conf.h:407:
CubeMX/Drivers/STM32F4xx_HAL_Driver/Inc\stm32f4xx_hal_tim.h:306:50: warning: commas at the end of enumerator lists are incompatible with C++98 [-Wc++98-compat-pedantic]
  HAL_TIM_CHANNEL_STATE_BUSY              = 0x02U,    /*!< An internal process is ongoing on the TIM channel */
                                                 ^~
CubeMX/Drivers/STM32F4xx_HAL_Driver/Inc\stm32f4xx_hal_tim.h:316:48: warning: commas at the end of enumerator lists are incompatible with C++98 [-Wc++98-compat-pedantic]
  HAL_DMA_BURST_STATE_BUSY              = 0x02U,    /*!< Ongoing DMA Burst       */
                                               ^~
In file included from ./CubeMX/TouchGFX/target/TouchGFXHAL.cpp:26:
In file included from User/Application/Inc\includes.h:16:
In file included from User/Bsp\bsp.h:16:
In file included from CubeMX/Core/Inc\cubemx.h:19:
CubeMX/Core/Inc/gpio.h:51:17: warning: commas at the end of enumerator lists are incompatible with C++98 [-Wc++98-compat-pedantic]
    WHE_R_TURNDO,
                ^
In file included from ./CubeMX/TouchGFX/target/TouchGFXHAL.cpp:26:
In file included from User/Application/Inc\includes.h:16:
In file included from User/Bsp\bsp.h:19:
User/Bsp/./usart_ex/usart_ex.h:292:28: warning: C++98 requires newline at end of file [-Wc++98-compat-pedantic]
#endif /* __USART_EX_H__ */
                           ^
In file included from ./CubeMX/TouchGFX/target/TouchGFXHAL.cpp:26:
In file included from User/Application/Inc\includes.h:16:
In file included from User/Bsp\bsp.h:21:
In file included from User/Bsp/./st77xx_gfx/st77xx.h:15:
User/Bsp\bsp.h:30:21: warning: C++98 requires newline at end of file [-Wc++98-compat-pedantic]
#endif /* __BSP_H */
                    ^
In file included from ./CubeMX/TouchGFX/target/TouchGFXHAL.cpp:26:
In file included from User/Application/Inc\includes.h:16:
In file included from User/Bsp\bsp.h:21:
User/Bsp/./st77xx_gfx/st77xx.h:20:11: warning: commas at the end of enumerator lists are incompatible with C++98 [-Wc++98-compat-pedantic]
    ST7789,
          ^
User/Bsp/./st77xx_gfx/st77xx.h:156:24: warning: C++98 requires newline at end of file [-Wc++98-compat-pedantic]
#endif /* _ST77xx_H_ */
                       ^
In file included from ./CubeMX/TouchGFX/target/TouchGFXHAL.cpp:26:
In file included from User/Application/Inc\includes.h:16:
User/Bsp\bsp.h:30:21: warning: C++98 requires newline at end of file [-Wc++98-compat-pedantic]
#endif /* __BSP_H */
                    ^
In file included from ./CubeMX/TouchGFX/target/TouchGFXHAL.cpp:26:
In file included from User/Application/Inc\includes.h:18:
In file included from User/Middlewares/FreeRTOS/include\FreeRTOS.h:107:
In file included from User/Middlewares/FreeRTOS/include/portable.h:53:
User/Middlewares/FreeRTOS/portable/GCC/ARM_CM4F\portmacro.h:201:19: warning: use of old-style cast [-Wold-style-cast]
        xReturn = pdFALSE;
                  ^~~~~~~
User/Middlewares/FreeRTOS/include/projdefs.h:52:52: note: expanded from macro 'pdFALSE'
#define pdFALSE                                  ( ( BaseType_t ) 0 )
                                                   ^              ~
In file included from ./CubeMX/TouchGFX/target/TouchGFXHAL.cpp:26:
In file included from User/Application/Inc\includes.h:18:
In file included from User/Middlewares/FreeRTOS/include\FreeRTOS.h:107:
In file included from User/Middlewares/FreeRTOS/include/portable.h:53:
User/Middlewares/FreeRTOS/portable/GCC/ARM_CM4F\portmacro.h:205:19: warning: use of old-style cast [-Wold-style-cast]
        xReturn = pdTRUE;
                  ^~~~~~
User/Middlewares/FreeRTOS/include/projdefs.h:53:52: note: expanded from macro 'pdTRUE'
#define pdTRUE                                   ( ( BaseType_t ) 1 )
                                                   ^              ~
./CubeMX/TouchGFX/target/TouchGFXHAL.cpp:29:50: warning: zero as null pointer constant [-Wzero-as-null-pointer-constant]
static SemaphoreHandle_t g_touchgfxTransferSem = NULL;
                                                 ^~~~
                                                 nullptr
E:\APP_data\Keil\Keil_v5\ARM\ARMCLANG\bin\..\include\string.h:56:14: note: expanded from macro 'NULL'
#define NULL 0                   /* see <stddef.h> */
             ^
./CubeMX/TouchGFX/target/TouchGFXHAL.cpp:33:34: warning: zero as null pointer constant [-Wzero-as-null-pointer-constant]
    if (g_touchgfxTransferSem != NULL) {
                                 ^~~~
                                 nullptr
E:\APP_data\Keil\Keil_v5\ARM\ARMCLANG\bin\..\include\string.h:56:14: note: expanded from macro 'NULL'
#define NULL 0                   /* see <stddef.h> */
             ^
./CubeMX/TouchGFX/target/TouchGFXHAL.cpp:34:53: warning: use of old-style cast [-Wold-style-cast]
        (void)xSemaphoreTake(g_touchgfxTransferSem, portMAX_DELAY);
                                                    ^~~~~~~~~~~~~
User/Middlewares/FreeRTOS/portable/GCC/ARM_CM4F\portmacro.h:67:40: note: expanded from macro 'portMAX_DELAY'
    #define portMAX_DELAY              ( TickType_t ) 0xffffffffUL
                                       ^              ~~~~~~~~~~~~
User/Middlewares/FreeRTOS/include\semphr.h:298:92: note: expanded from macro 'xSemaphoreTake'
#define xSemaphoreTake( xSemaphore, xBlockTime )    xQueueSemaphoreTake( ( xSemaphore ), ( xBlockTime ) )
                                                                                           ^~~~~~~~~~
./CubeMX/TouchGFX/target/TouchGFXHAL.cpp:36:9: warning: use of old-style cast [-Wold-style-cast]
        taskYIELD();
        ^~~~~~~~~~~
User/Middlewares/FreeRTOS/include/task.h:213:46: note: expanded from macro 'taskYIELD'
#define taskYIELD()                          portYIELD()
                                             ^~~~~~~~~~~
User/Middlewares/FreeRTOS/portable/GCC/ARM_CM4F\portmacro.h:91:9: note: expanded from macro 'portYIELD'
        portNVIC_INT_CTRL_REG = portNVIC_PENDSVSET_BIT; \
        ^~~~~~~~~~~~~~~~~~~~~
User/Middlewares/FreeRTOS/portable/GCC/ARM_CM4F\portmacro.h:99:40: note: expanded from macro 'portNVIC_INT_CTRL_REG'
#define portNVIC_INT_CTRL_REG     ( *( ( volatile uint32_t * ) 0xe000ed04 ) )
                                       ^                       ~~~~~~~~~~
./CubeMX/TouchGFX/target/TouchGFXHAL.cpp:47:34: warning: zero as null pointer constant [-Wzero-as-null-pointer-constant]
    if (g_touchgfxTransferSem != NULL) {
                                 ^~~~
                                 nullptr
E:\APP_data\Keil\Keil_v5\ARM\ARMCLANG\bin\..\include\string.h:56:14: note: expanded from macro 'NULL'
#define NULL 0                   /* see <stddef.h> */
             ^
./CubeMX/TouchGFX/target/TouchGFXHAL.cpp:48:15: warning: use of old-style cast [-Wold-style-cast]
        (void)xSemaphoreGive(g_touchgfxTransferSem);
              ^~~~~~~~~~~~~~~~~~~~~~~~~~~~~~~~~~~~~
User/Middlewares/FreeRTOS/include\semphr.h:460:60: note: expanded from macro 'xSemaphoreGive'
#define xSemaphoreGive( xSemaphore )    xQueueGenericSend( ( QueueHandle_t ) ( xSemaphore ), NULL, semGIVE_BLOCK_TIME, queueSEND_TO_BACK )
                                                           ^                 ~~~~~~~~~~~~~~
./CubeMX/TouchGFX/target/TouchGFXHAL.cpp:48:15: warning: use of old-style cast [-Wold-style-cast]
        (void)xSemaphoreGive(g_touchgfxTransferSem);
              ^~~~~~~~~~~~~~~~~~~~~~~~~~~~~~~~~~~~~
User/Middlewares/FreeRTOS/include\semphr.h:460:100: note: expanded from macro 'xSemaphoreGive'
#define xSemaphoreGive( xSemaphore )    xQueueGenericSend( ( QueueHandle_t ) ( xSemaphore ), NULL, semGIVE_BLOCK_TIME, queueSEND_TO_BACK )
                                                                                                   ^~~~~~~~~~~~~~~~~~
User/Middlewares/FreeRTOS/include\semphr.h:42:47: note: expanded from macro 'semGIVE_BLOCK_TIME'
#define semGIVE_BLOCK_TIME                  ( ( TickType_t ) 0U )
                                              ^              ~~
./CubeMX/TouchGFX/target/TouchGFXHAL.cpp:48:15: warning: use of old-style cast [-Wold-style-cast]
        (void)xSemaphoreGive(g_touchgfxTransferSem);
              ^~~~~~~~~~~~~~~~~~~~~~~~~~~~~~~~~~~~~
User/Middlewares/FreeRTOS/include\semphr.h:460:120: note: expanded from macro 'xSemaphoreGive'
#define xSemaphoreGive( xSemaphore )    xQueueGenericSend( ( QueueHandle_t ) ( xSemaphore ), NULL, semGIVE_BLOCK_TIME, queueSEND_TO_BACK )
                                                                                                                       ^~~~~~~~~~~~~~~~~
User/Middlewares/FreeRTOS/include\queue.h:68:49: note: expanded from macro 'queueSEND_TO_BACK'
#define queueSEND_TO_BACK                     ( ( BaseType_t ) 0 )
                                                ^              ~
./CubeMX/TouchGFX/target/TouchGFXHAL.cpp:53:34: warning: zero as null pointer constant [-Wzero-as-null-pointer-constant]
    if (g_touchgfxTransferSem != NULL) {
                                 ^~~~
                                 nullptr
E:\APP_data\Keil\Keil_v5\ARM\ARMCLANG\bin\..\include\string.h:56:14: note: expanded from macro 'NULL'
#define NULL 0                   /* see <stddef.h> */
             ^
./CubeMX/TouchGFX/target/TouchGFXHAL.cpp:54:47: warning: use of old-style cast [-Wold-style-cast]
        BaseType_t xHigherPriorityTaskWoken = pdFALSE;
                                              ^~~~~~~
User/Middlewares/FreeRTOS/include/projdefs.h:52:52: note: expanded from macro 'pdFALSE'
#define pdFALSE                                  ( ( BaseType_t ) 0 )
                                                   ^              ~
./CubeMX/TouchGFX/target/TouchGFXHAL.cpp:55:15: warning: use of old-style cast [-Wold-style-cast]
        (void)xSemaphoreGiveFromISR(g_touchgfxTransferSem,
              ^~~~~~~~~~~~~~~~~~~~~~~~~~~~~~~~~~~~~~~~~~~~
User/Middlewares/FreeRTOS/include\semphr.h:640:94: note: expanded from macro 'xSemaphoreGiveFromISR'
#define xSemaphoreGiveFromISR( xSemaphore, pxHigherPriorityTaskWoken )    xQueueGiveFromISR( ( QueueHandle_t ) ( xSemaphore ), ( pxHigherPriorityTaskWoken ) )
                                                                                             ^                 ~~~~~~~~~~~~~~
./CubeMX/TouchGFX/target/TouchGFXHAL.cpp:57:9: warning: use of old-style cast [-Wold-style-cast]
        portYIELD_FROM_ISR(xHigherPriorityTaskWoken);
        ^~~~~~~~~~~~~~~~~~~~~~~~~~~~~~~~~~~~~~~~~~~~
User/Middlewares/FreeRTOS/portable/GCC/ARM_CM4F\portmacro.h:114:36: note: expanded from macro 'portYIELD_FROM_ISR'
#define portYIELD_FROM_ISR( x )    portEND_SWITCHING_ISR( x )
                                   ^~~~~~~~~~~~~~~~~~~~~~~~~~
User/Middlewares/FreeRTOS/portable/GCC/ARM_CM4F\portmacro.h:104:32: note: expanded from macro 'portEND_SWITCHING_ISR'
        if( xSwitchRequired != pdFALSE )         \
                               ^~~~~~~
User/Middlewares/FreeRTOS/include/projdefs.h:52:52: note: expanded from macro 'pdFALSE'
#define pdFALSE                                  ( ( BaseType_t ) 0 )
                                                   ^              ~
./CubeMX/TouchGFX/target/TouchGFXHAL.cpp:57:9: warning: use of old-style cast [-Wold-style-cast]
        portYIELD_FROM_ISR(xHigherPriorityTaskWoken);
        ^~~~~~~~~~~~~~~~~~~~~~~~~~~~~~~~~~~~~~~~~~~~
User/Middlewares/FreeRTOS/portable/GCC/ARM_CM4F\portmacro.h:114:36: note: expanded from macro 'portYIELD_FROM_ISR'
#define portYIELD_FROM_ISR( x )    portEND_SWITCHING_ISR( x )
                                   ^~~~~~~~~~~~~~~~~~~~~~~~~~
User/Middlewares/FreeRTOS/portable/GCC/ARM_CM4F\portmacro.h:107:13: note: expanded from macro 'portEND_SWITCHING_ISR'
            portYIELD();                         \
            ^~~~~~~~~~~
User/Middlewares/FreeRTOS/portable/GCC/ARM_CM4F\portmacro.h:91:9: note: expanded from macro 'portYIELD'
        portNVIC_INT_CTRL_REG = portNVIC_PENDSVSET_BIT; \
        ^~~~~~~~~~~~~~~~~~~~~
User/Middlewares/FreeRTOS/portable/GCC/ARM_CM4F\portmacro.h:99:40: note: expanded from macro 'portNVIC_INT_CTRL_REG'
#define portNVIC_INT_CTRL_REG     ( *( ( volatile uint32_t * ) 0xe000ed04 ) )
                                       ^                       ~~~~~~~~~~
./CubeMX/TouchGFX/target/TouchGFXHAL.cpp:80:34: warning: zero as null pointer constant [-Wzero-as-null-pointer-constant]
    if (g_touchgfxTransferSem == NULL) {
                                 ^~~~
                                 nullptr
E:\APP_data\Keil\Keil_v5\ARM\ARMCLANG\bin\..\include\string.h:56:14: note: expanded from macro 'NULL'
#define NULL 0                   /* see <stddef.h> */
             ^
In file included from ./CubeMX/TouchGFX/target/TouchGFXHAL.cpp:23:
In file included from CubeMX/TouchGFX/target\TouchGFXHAL.hpp:27:
In file included from CubeMX/TouchGFX/target/generated\TouchGFXGeneratedHAL.hpp:21:
In file included from CubeMX/Middlewares/ST/touchgfx/framework/include\touchgfx/hal/HAL.hpp:21:
CubeMX/Middlewares/ST/touchgfx/framework/include\platform/core/MCUInstrumentation.hpp:26:7: warning: 'MCUInstrumentation' has no out-of-line virtual method definitions; its vtable will be emitted in every translation unit [-Wweak-vtables]
class MCUInstrumentation
      ^
In file included from ./CubeMX/TouchGFX/target/TouchGFXHAL.cpp:23:
In file included from CubeMX/TouchGFX/target\TouchGFXHAL.hpp:27:
In file included from CubeMX/TouchGFX/target/generated\TouchGFXGeneratedHAL.hpp:21:
In file included from CubeMX/Middlewares/ST/touchgfx/framework/include\touchgfx/hal/HAL.hpp:22:
CubeMX/Middlewares/ST/touchgfx/framework/include\platform/driver/button/ButtonController.hpp:26:7: warning: 'ButtonController' has no out-of-line virtual method definitions; its vtable will be emitted in every translation unit [-Wweak-vtables]
class ButtonController
      ^
In file included from ./CubeMX/TouchGFX/target/TouchGFXHAL.cpp:23:
In file included from CubeMX/TouchGFX/target\TouchGFXHAL.hpp:27:
In file included from CubeMX/TouchGFX/target/generated\TouchGFXGeneratedHAL.hpp:21:
In file included from CubeMX/Middlewares/ST/touchgfx/framework/include\touchgfx/hal/HAL.hpp:23:
CubeMX/Middlewares/ST/touchgfx/framework/include\platform/driver/touch/TouchController.hpp:26:7: warning: 'TouchController' has no out-of-line virtual method definitions; its vtable will be emitted in every translation unit [-Wweak-vtables]
class TouchController
      ^
In file included from ./CubeMX/TouchGFX/target/TouchGFXHAL.cpp:23:
In file included from CubeMX/TouchGFX/target\TouchGFXHAL.hpp:27:
In file included from CubeMX/TouchGFX/target/generated\TouchGFXGeneratedHAL.hpp:21:
In file included from CubeMX/Middlewares/ST/touchgfx/framework/include\touchgfx/hal/HAL.hpp:25:
In file included from CubeMX/Middlewares/ST/touchgfx/framework/include\touchgfx/Drawable.hpp:22:
In file included from CubeMX/Middlewares/ST/touchgfx/framework/include\touchgfx/events/ClickEvent.hpp:21:
CubeMX/Middlewares/ST/touchgfx/framework/include\touchgfx/Event.hpp:24:7: warning: 'Event' has no out-of-line virtual method definitions; its vtable will be emitted in every translation unit [-Wweak-vtables]
class Event
      ^
In file included from ./CubeMX/TouchGFX/target/TouchGFXHAL.cpp:23:
In file included from CubeMX/TouchGFX/target\TouchGFXHAL.hpp:27:
In file included from CubeMX/TouchGFX/target/generated\TouchGFXGeneratedHAL.hpp:21:
In file included from CubeMX/Middlewares/ST/touchgfx/framework/include\touchgfx/hal/HAL.hpp:25:
In file included from CubeMX/Middlewares/ST/touchgfx/framework/include\touchgfx/Drawable.hpp:22:
CubeMX/Middlewares/ST/touchgfx/framework/include\touchgfx/events/ClickEvent.hpp:32:7: warning: 'ClickEvent' has no out-of-line virtual method definitions; its vtable will be emitted in every translation unit [-Wweak-vtables]
class ClickEvent : public Event
      ^
In file included from ./CubeMX/TouchGFX/target/TouchGFXHAL.cpp:23:
In file included from CubeMX/TouchGFX/target\TouchGFXHAL.hpp:27:
In file included from CubeMX/TouchGFX/target/generated\TouchGFXGeneratedHAL.hpp:21:
In file included from CubeMX/Middlewares/ST/touchgfx/framework/include\touchgfx/hal/HAL.hpp:25:
In file included from CubeMX/Middlewares/ST/touchgfx/framework/include\touchgfx/Drawable.hpp:23:
CubeMX/Middlewares/ST/touchgfx/framework/include\touchgfx/events/DragEvent.hpp:32:7: warning: 'DragEvent' has no out-of-line virtual method definitions; its vtable will be emitted in every translation unit [-Wweak-vtables]
class DragEvent : public Event
      ^
In file included from ./CubeMX/TouchGFX/target/TouchGFXHAL.cpp:23:
In file included from CubeMX/TouchGFX/target\TouchGFXHAL.hpp:27:
In file included from CubeMX/TouchGFX/target/generated\TouchGFXGeneratedHAL.hpp:21:
In file included from CubeMX/Middlewares/ST/touchgfx/framework/include\touchgfx/hal/HAL.hpp:25:
In file included from CubeMX/Middlewares/ST/touchgfx/framework/include\touchgfx/Drawable.hpp:24:
CubeMX/Middlewares/ST/touchgfx/framework/include\touchgfx/events/GestureEvent.hpp:32:7: warning: 'GestureEvent' has no out-of-line virtual method definitions; its vtable will be emitted in every translation unit [-Wweak-vtables]
class GestureEvent : public Event
      ^
In file included from ./CubeMX/TouchGFX/target/TouchGFXHAL.cpp:23:
In file included from CubeMX/TouchGFX/target\TouchGFXHAL.hpp:27:
In file included from CubeMX/TouchGFX/target/generated\TouchGFXGeneratedHAL.hpp:21:
In file included from CubeMX/Middlewares/ST/touchgfx/framework/include\touchgfx/hal/HAL.hpp:27:
CubeMX/Middlewares/ST/touchgfx/framework/include\touchgfx/hal/DMA.hpp:34:7: warning: 'DMA_Queue' has no out-of-line virtual method definitions; its vtable will be emitted in every translation unit [-Wweak-vtables]
class DMA_Queue
      ^
In file included from ./CubeMX/TouchGFX/target/TouchGFXHAL.cpp:23:
In file included from CubeMX/TouchGFX/target\TouchGFXHAL.hpp:27:
In file included from CubeMX/TouchGFX/target/generated\TouchGFXGeneratedHAL.hpp:21:
In file included from CubeMX/Middlewares/ST/touchgfx/framework/include\touchgfx/hal/HAL.hpp:28:
CubeMX/Middlewares/ST/touchgfx/framework/include\touchgfx/hal/FrameBufferAllocator.hpp:45:7: warning: 'FrameBufferAllocator' has no out-of-line virtual method definitions; its vtable will be emitted in every translation unit [-Wweak-vtables]
class FrameBufferAllocator
      ^
In file included from ./CubeMX/TouchGFX/target/TouchGFXHAL.cpp:23:
In file included from CubeMX/TouchGFX/target\TouchGFXHAL.hpp:27:
In file included from CubeMX/TouchGFX/target/generated\TouchGFXGeneratedHAL.hpp:21:
In file included from CubeMX/Middlewares/ST/touchgfx/framework/include\touchgfx/hal/HAL.hpp:29:
CubeMX/Middlewares/ST/touchgfx/framework/include\touchgfx/hal/FrameBufferListener.hpp:29:7: warning: 'FrameBufferListener' has no out-of-line virtual method definitions; its vtable will be emitted in every translation unit [-Wweak-vtables]
class FrameBufferListener
      ^
In file included from ./CubeMX/TouchGFX/target/TouchGFXHAL.cpp:23:
In file included from CubeMX/TouchGFX/target\TouchGFXHAL.hpp:27:
In file included from CubeMX/TouchGFX/target/generated\TouchGFXGeneratedHAL.hpp:21:
In file included from CubeMX/Middlewares/ST/touchgfx/framework/include\touchgfx/hal/HAL.hpp:30:
In file included from CubeMX/Middlewares/ST/touchgfx/framework/include\touchgfx/hal/Gestures.hpp:21:
CubeMX/Middlewares/ST/touchgfx/framework/include\touchgfx/UIEventListener.hpp:35:7: warning: 'UIEventListener' has no out-of-line virtual method definitions; its vtable will be emitted in every translation unit [-Wweak-vtables]
class UIEventListener
      ^
In file included from ./CubeMX/TouchGFX/target/TouchGFXHAL.cpp:23:
In file included from CubeMX/TouchGFX/target\TouchGFXHAL.hpp:27:
In file included from CubeMX/TouchGFX/target/generated\TouchGFXGeneratedHAL.hpp:21:
In file included from CubeMX/Middlewares/ST/touchgfx/framework/include\touchgfx/hal/HAL.hpp:32:
In file included from CubeMX/Middlewares/ST/touchgfx/framework/include\touchgfx/lcd/LCD.hpp:38:
In file included from CubeMX/Middlewares/ST/touchgfx/framework/include\touchgfx/hal/VectorFontRenderer.hpp:22:
CubeMX/Middlewares/ST/touchgfx/framework/include\touchgfx/hal/VectorRenderer.hpp:38:7: warning: 'VectorRenderer' has no out-of-line virtual method definitions; its vtable will be emitted in every translation unit [-Wweak-vtables]
class VectorRenderer
      ^
In file included from ./CubeMX/TouchGFX/target/TouchGFXHAL.cpp:23:
In file included from CubeMX/TouchGFX/target\TouchGFXHAL.hpp:27:
In file included from CubeMX/TouchGFX/target/generated\TouchGFXGeneratedHAL.hpp:21:
In file included from CubeMX/Middlewares/ST/touchgfx/framework/include\touchgfx/hal/HAL.hpp:32:
In file included from CubeMX/Middlewares/ST/touchgfx/framework/include\touchgfx/lcd/LCD.hpp:38:
CubeMX/Middlewares/ST/touchgfx/framework/include\touchgfx/hal/VectorFontRenderer.hpp:29:7: warning: 'VectorFontRenderer' has no out-of-line virtual method definitions; its vtable will be emitted in every translation unit [-Wweak-vtables]
class VectorFontRenderer
      ^
In file included from ./CubeMX/TouchGFX/target/TouchGFXHAL.cpp:23:
In file included from CubeMX/TouchGFX/target\TouchGFXHAL.hpp:27:
In file included from CubeMX/TouchGFX/target/generated\TouchGFXGeneratedHAL.hpp:21:
In file included from CubeMX/Middlewares/ST/touchgfx/framework/include\touchgfx/hal/HAL.hpp:32:
In file included from CubeMX/Middlewares/ST/touchgfx/framework/include\touchgfx/lcd/LCD.hpp:39:
CubeMX/Middlewares/ST/touchgfx/framework/include\touchgfx/lcd/DebugPrinter.hpp:29:7: warning: 'DebugPrinter' has no out-of-line virtual method definitions; its vtable will be emitted in every translation unit [-Wweak-vtables]
class DebugPrinter
      ^
In file included from ./CubeMX/TouchGFX/target/TouchGFXHAL.cpp:23:
In file included from CubeMX/TouchGFX/target\TouchGFXHAL.hpp:27:
In file included from CubeMX/TouchGFX/target/generated\TouchGFXGeneratedHAL.hpp:21:
In file included from CubeMX/Middlewares/ST/touchgfx/framework/include\touchgfx/hal/HAL.hpp:32:
CubeMX/Middlewares/ST/touchgfx/framework/include\touchgfx/lcd/LCD.hpp:487:11: warning: 'DrawTextureMapScanLineBase' has no out-of-line virtual method definitions; its vtable will be emitted in every translation unit [-Wweak-vtables]
    class DrawTextureMapScanLineBase
          ^
103 warnings generated.
warning: unknown warning option '-Wno-unsafe-buffer-usage'; did you mean '-Wno-frame-larger-than='? [-Wunknown-warning-option]
warning: unknown warning option '-Wno-reserved-identifier'; did you mean '-Wno-reserved-id-macro'? [-Wunknown-warning-option]
warning: unknown warning option '-Wno-gnu-pointer-arith'; did you mean '-Wno-pointer-arith'? [-Wunknown-warning-option]
3 warnings generated.
warning: unknown warning option '-Wno-unsafe-buffer-usage'; did you mean '-Wno-frame-larger-than='? [-Wunknown-warning-option]
warning: unknown warning option '-Wno-reserved-identifier'; did you mean '-Wno-reserved-id-macro'? [-Wunknown-warning-option]
warning: unknown warning option '-Wno-gnu-pointer-arith'; did you mean '-Wno-pointer-arith'? [-Wunknown-warning-option]
3 warnings generated.
warning: unknown warning option '-Wno-unsafe-buffer-usage'; did you mean '-Wno-frame-larger-than='? [-Wunknown-warning-option]
warning: unknown warning option '-Wno-reserved-identifier'; did you mean '-Wno-reserved-id-macro'? [-Wunknown-warning-option]
warning: unknown warning option '-Wno-gnu-pointer-arith'; did you mean '-Wno-pointer-arith'? [-Wunknown-warning-option]
./User/Application/Src/rtos_tasks.c:110:9: warning: implicit declaration of function 'IWDG_Feed' is invalid in C99 [-Wimplicit-function-declaration]
        IWDG_Feed();//¿´ÃÅ¹·Î¹¹·
        ^
4 warnings generated.
warning: unknown warning option '-Wno-unsafe-buffer-usage'; did you mean '-Wno-frame-larger-than='? [-Wunknown-warning-option]
warning: unknown warning option '-Wno-reserved-identifier'; did you mean '-Wno-reserved-id-macro'? [-Wunknown-warning-option]
warning: unknown warning option '-Wno-gnu-pointer-arith'; did you mean '-Wno-pointer-arith'? [-Wunknown-warning-option]
3 warnings generated.
warning: unknown warning option '-Wno-unsafe-buffer-usage'; did you mean '-Wno-frame-larger-than='? [-Wunknown-warning-option]
warning: unknown warning option '-Wno-reserved-identifier'; did you mean '-Wno-reserved-id-macro'? [-Wunknown-warning-option]
warning: unknown warning option '-Wno-gnu-pointer-arith'; did you mean '-Wno-pointer-arith'? [-Wunknown-warning-option]
3 warnings generated.
warning: unknown warning option '-Wno-unsafe-buffer-usage'; did you mean '-Wno-frame-larger-than='? [-Wunknown-warning-option]
warning: unknown warning option '-Wno-reserved-identifier'; did you mean '-Wno-reserved-id-macro'? [-Wunknown-warning-option]
warning: unknown warning option '-Wno-gnu-pointer-arith'; did you mean '-Wno-pointer-arith'? [-Wunknown-warning-option]
3 warnings generated.

>>> ld

Program Size: Code=151364 RO-data=246700 RW-data=608 ZI-data=130168  
