[2026-03-27 17:28:29]	[info] incremental build: 1 source files changed
These source files will be recompiled
---
'c:\Users\27471\Desktop\26RemoteCtrl\CubeMX\TouchGFX\gui\src\model\Model.cpp': source file has been changed.

[2026-03-27 17:28:30]	[done]
	build successfully !

[2026-03-27 17:31:44]	[info] incremental build: 1 source files changed
These source files will be recompiled
---
'c:\Users\27471\Desktop\26RemoteCtrl\User\Application\Src\send_data.c': source file has been changed.

[2026-03-27 17:31:45]	[done]
	build successfully !

[2026-03-27 17:37:38]	[info] incremental build: 1 source files changed
These source files will be recompiled
---
'c:\Users\27471\Desktop\26RemoteCtrl\User\Application\Src\rc_msg_process.c': object (.o) file not exist

[2026-03-27 17:37:39]	[done]
	build successfully !

[2026-03-27 21:06:44]	[info] incremental build: 8 source files changed
These source files will be recompiled
---
'c:\Users\27471\Desktop\26RemoteCtrl\CubeMX\Core\Src\main.c': dependence 'c:\Users\27471\Desktop\26RemoteCtrl\User\Bsp\msg_protocol\msg_protocol.h' has been changed.
'c:\Users\27471\Desktop\26RemoteCtrl\CubeMX\TouchGFX\gui\src\model\Model.cpp': dependence 'c:\Users\27471\Desktop\26RemoteCtrl\User\Application\Inc\includes.h' has been changed.
'c:\Users\27471\Desktop\26RemoteCtrl\CubeMX\TouchGFX\target\TouchGFXHAL.cpp': dependence 'c:\Users\27471\Desktop\26RemoteCtrl\User\Application\Inc\includes.h' has been changed.
'c:\Users\27471\Desktop\26RemoteCtrl\User\Application\Src\rc_msg_process.c': source file has been changed.
'c:\Users\27471\Desktop\26RemoteCtrl\User\Application\Src\rtos_tasks.c': dependence 'c:\Users\27471\Desktop\26RemoteCtrl\User\Application\Inc\includes.h' has been changed.
'c:\Users\27471\Desktop\26RemoteCtrl\User\Bsp\bsp.c': dependence 'c:\Users\27471\Desktop\26RemoteCtrl\User\Bsp\msg_protocol\msg_protocol.h' has been changed.
'c:\Users\27471\Desktop\26RemoteCtrl\User\Bsp\msg_protocol\msg_protocol.c': dependence 'c:\Users\27471\Desktop\26RemoteCtrl\User\Bsp\msg_protocol\msg_protocol.h' has been changed.
'c:\Users\27471\Desktop\26RemoteCtrl\User\Bsp\st77xx_gfx\st77xx.c': dependence 'c:\Users\27471\Desktop\26RemoteCtrl\User\Bsp\msg_protocol\msg_protocol.h' has been changed.

[2026-03-27 21:06:44]	compilation failed at : "c:\Users\27471\Desktop\26RemoteCtrl\User\Application\Src\rtos_tasks.c", exit code: 1
command: 
  "E:\IDE\Keil\ARM\ARMCLANG\bin\armclang.exe" --target=arm-arm-none-eabi -c -xc -std=c11 -I. -ICubeMX/Drivers/STM32F4xx_HAL_Driver/Inc -ICubeMX/Drivers/CMSIS/Device/ST/STM32F4xx/Include -IUser/Bsp -IUser/Application/Inc -IUser/Utils -IUser/Middlewares/FreeRTOS/include -IUser/Middlewares/FreeRTOS/portable/GCC/ARM_CM4F -ICubeMX/Core/Inc -ICubeMX/Drivers/CMSIS/Include -ICubeMX/TouchGFX/App -ICubeMX/TouchGFX/gui/include -ICubeMX/TouchGFX/target -ICubeMX/TouchGFX/target/generated -ICubeMX/TouchGFX/generated/images/include -ICubeMX/TouchGFX/generated/texts/include -ICubeMX/TouchGFX/generated/fonts/include -ICubeMX/TouchGFX/generated/videos/include -ICubeMX/TouchGFX/generated/gui_generated/include -ICubeMX/Middlewares/ST/touchgfx/framework/include -D"USE_HAL_DRIVER" -D"DEBUG" -D"STM32F429xx" -mfloat-abi=hard -mfpu=fpv4-sp-d16 -mcpu=cortex-m4 -mlittle-endian -O0 -ffunction-sections -funsigned-char -fno-rtti -Weverything -Wno-packed -Wno-reserved-id-macro -Wno-unused-macros -Wno-documentation-unknown-command -Wno-documentation -Wno-license-management -Wno-parentheses-equality -Wno-padded -Wno-unsafe-buffer-usage -Wno-reserved-identifier -Wno-missing-noreturn -Wno-covered-switch-default -Wno-switch-enum -Wno-missing-prototypes -Wno-newline-eof -Wno-gnu-pointer-arith -Wno-declaration-after-statement -Wno-sign-conversion -Wno-implicit-int-conversion -Wno-double-promotion -Wno-missing-field-initializers -Wno-self-assign -Wno-extra-semi-stmt -Wno-missing-variable-declarations -Wno-cast-align -Wno-implicit-float-conversion -Wno-missing-braces -Wno-cast-qual -Wno-format-nonliteral -Wno-gnu-binary-literal -g -o ./Build/Debug/.obj/User/Application/Src/rtos_tasks.o -MMD ./User/Application/Src/rtos_tasks.c
   at unify_builder.Program.compileByMulThread(Int32 thrNum, CmdInfo[] cmds_, List`1 errLogs)
   at unify_builder.Program.Main(String[] args_)
---
./User/Application/Src/rtos_tasks.c:103:36: error: use of undeclared identifier 'MSG_TO_REMOTE'
  103 |     message_register_recv_callback(MSG_TO_REMOTE, remote_recv_msg_callback);
      |                                    ^
./User/Application/Src/rtos_tasks.c:104:35: error: use of undeclared identifier 'MSG_TO_REMOTE'
  104 |     message_register_polling_uart(MSG_TO_REMOTE, &huart1, 128, 512);
      |                                   ^
2 errors generated.

[2026-03-27 21:08:14]	[info] incremental build: 1 source files changed
These source files will be recompiled
---
'c:\Users\27471\Desktop\26RemoteCtrl\User\Application\Src\rtos_tasks.c': object (.o) file not exist

[2026-03-27 21:08:15]	[done]
	build successfully !

[2026-03-27 21:23:04]	[info] incremental build: 1 source files changed
These source files will be recompiled
---
'c:\Users\27471\Desktop\26RemoteCtrl\User\Application\Src\rtos_tasks.c': source file has been changed.

[2026-03-27 21:23:05]	[done]
	build successfully !

[2026-03-27 22:16:12]	[info] incremental build: 1 source files changed
These source files will be recompiled
---
'c:\Users\27471\Desktop\26RemoteCtrl\User\Application\Src\rtos_tasks.c': source file has been changed.

[2026-03-27 22:16:13]	[done]
	build successfully !

[2026-03-27 23:02:05]	[info] incremental build: 1 source files changed
These source files will be recompiled
---
'c:\Users\27471\Desktop\26RemoteCtrl\User\Application\Src\rtos_tasks.c': source file has been changed.

[2026-03-27 23:02:06]	[done]
	build successfully !

[2026-03-27 23:12:32]	[info] incremental build: 1 source files changed
These source files will be recompiled
---
'c:\Users\27471\Desktop\26RemoteCtrl\CubeMX\TouchGFX\gui\src\screen_screen\screenView.cpp': source file has been changed.

[2026-03-27 23:12:33]	[done]
	build successfully !

[2026-03-28 11:29:47]	[info] incremental build: 16 source files changed
These source files will be recompiled
---
'c:\Users\27471\Desktop\26RemoteCtrl\CubeMX\Core\Src\main.c': dependence 'c:\Users\27471\Desktop\26RemoteCtrl\User\Bsp\msg_protocol\msg_protocol.h' has been changed.
'c:\Users\27471\Desktop\26RemoteCtrl\CubeMX\TouchGFX\generated\gui_generated\src\common\FrontendApplicationBase.cpp': dependence 'c:\Users\27471\Desktop\26RemoteCtrl\CubeMX\TouchGFX\generated\gui_generated\include\gui_generated\screen_screen\screenViewBase.hpp' has been changed.
'c:\Users\27471\Desktop\26RemoteCtrl\CubeMX\TouchGFX\generated\gui_generated\src\screen_screen\screenViewBase.cpp': source file has been changed.
'c:\Users\27471\Desktop\26RemoteCtrl\CubeMX\TouchGFX\generated\texts\src\LanguageGb.cpp': source file has been changed.
'c:\Users\27471\Desktop\26RemoteCtrl\CubeMX\TouchGFX\generated\texts\src\TypedTextDatabase.cpp': source file has been changed.
'c:\Users\27471\Desktop\26RemoteCtrl\CubeMX\TouchGFX\gui\src\model\Model.cpp': dependence 'c:\Users\27471\Desktop\26RemoteCtrl\User\Application\Inc\includes.h' has been changed.
'c:\Users\27471\Desktop\26RemoteCtrl\CubeMX\TouchGFX\gui\src\screen_screen\screenPresenter.cpp': dependence 'c:\Users\27471\Desktop\26RemoteCtrl\CubeMX\TouchGFX\generated\gui_generated\include\gui_generated\screen_screen\screenViewBase.hpp' has been changed.
'c:\Users\27471\Desktop\26RemoteCtrl\CubeMX\TouchGFX\gui\src\screen_screen\screenView.cpp': source file has been changed.
'c:\Users\27471\Desktop\26RemoteCtrl\CubeMX\TouchGFX\target\TouchGFXHAL.cpp': dependence 'c:\Users\27471\Desktop\26RemoteCtrl\User\Application\Inc\includes.h' has been changed.
'c:\Users\27471\Desktop\26RemoteCtrl\CubeMX\TouchGFX\target\generated\TouchGFXConfiguration.cpp': dependence 'c:\Users\27471\Desktop\26RemoteCtrl\CubeMX\TouchGFX\generated\gui_generated\include\gui_generated\screen_screen\screenViewBase.hpp' has been changed.
'c:\Users\27471\Desktop\26RemoteCtrl\CubeMX\TouchGFX\target\generated\TouchGFXGeneratedHAL.cpp': dependence 'c:\Users\27471\Desktop\26RemoteCtrl\CubeMX\TouchGFX\generated\gui_generated\include\gui_generated\screen_screen\screenViewBase.hpp' has been changed.
'c:\Users\27471\Desktop\26RemoteCtrl\User\Application\Src\rc_msg_process.c': source file has been changed.
'c:\Users\27471\Desktop\26RemoteCtrl\User\Application\Src\rtos_tasks.c': source file has been changed.
'c:\Users\27471\Desktop\26RemoteCtrl\User\Bsp\bsp.c': dependence 'c:\Users\27471\Desktop\26RemoteCtrl\User\Bsp\msg_protocol\msg_protocol.h' has been changed.
'c:\Users\27471\Desktop\26RemoteCtrl\User\Bsp\msg_protocol\msg_protocol.c': source file has been changed.
'c:\Users\27471\Desktop\26RemoteCtrl\User\Bsp\st77xx_gfx\st77xx.c': dependence 'c:\Users\27471\Desktop\26RemoteCtrl\User\Bsp\msg_protocol\msg_protocol.h' has been changed.

[2026-03-28 11:29:49]	[done]
	build successfully !

[2026-03-28 11:48:23]	[info] incremental build: 2 source files changed
These source files will be recompiled
---
'c:\Users\27471\Desktop\26RemoteCtrl\CubeMX\TouchGFX\target\TouchGFXHAL.cpp': source file has been changed.
'c:\Users\27471\Desktop\26RemoteCtrl\User\Bsp\st77xx_gfx\st77xx.c': source file has been changed.

[2026-03-28 11:48:24]	[done]
	build successfully !

[2026-03-28 12:05:21]	[info] incremental build: 2 source files changed
These source files will be recompiled
---
'c:\Users\27471\Desktop\26RemoteCtrl\CubeMX\TouchGFX\gui\src\screen_screen\screenView.cpp': source file has been changed.
'c:\Users\27471\Desktop\26RemoteCtrl\User\Application\Src\rc_msg_process.c': source file has been changed.

[2026-03-28 12:05:23]	[done]
	build successfully !

[2026-03-28 13:08:00]	[info] incremental build: 1 source files changed
These source files will be recompiled
---
'c:\Users\27471\Desktop\26RemoteCtrl\CubeMX\TouchGFX\target\generated\TouchGFXGeneratedHAL.cpp': source file has been changed.

[2026-03-28 13:08:02]	[done]
	build successfully !

[2026-03-28 13:08:56]	[done]
	build successfully !

[2026-03-29 21:41:00]	[info] incremental build: 8 source files changed
These source files will be recompiled
---
'c:\Users\27471\Desktop\26RemoteCtrl\CubeMX\TouchGFX\generated\fonts\src\Font_verdanai_15_4bpp_0.cpp': source file has been changed.
'c:\Users\27471\Desktop\26RemoteCtrl\CubeMX\TouchGFX\generated\fonts\src\Table_verdanai_15_4bpp.cpp': source file has been changed.
'c:\Users\27471\Desktop\26RemoteCtrl\CubeMX\TouchGFX\generated\gui_generated\src\common\FrontendApplicationBase.cpp': dependence 'c:\Users\27471\Desktop\26RemoteCtrl\CubeMX\TouchGFX\generated\gui_generated\include\gui_generated\screen_screen\screenViewBase.hpp' has been changed.
'c:\Users\27471\Desktop\26RemoteCtrl\CubeMX\TouchGFX\generated\gui_generated\src\screen_screen\screenViewBase.cpp': source file has been changed.
'c:\Users\27471\Desktop\26RemoteCtrl\CubeMX\TouchGFX\gui\src\screen_screen\screenPresenter.cpp': dependence 'c:\Users\27471\Desktop\26RemoteCtrl\CubeMX\TouchGFX\generated\gui_generated\include\gui_generated\screen_screen\screenViewBase.hpp' has been changed.
'c:\Users\27471\Desktop\26RemoteCtrl\CubeMX\TouchGFX\gui\src\screen_screen\screenView.cpp': dependence 'c:\Users\27471\Desktop\26RemoteCtrl\CubeMX\TouchGFX\generated\gui_generated\include\gui_generated\screen_screen\screenViewBase.hpp' has been changed.
'c:\Users\27471\Desktop\26RemoteCtrl\CubeMX\TouchGFX\target\generated\TouchGFXConfiguration.cpp': dependence 'c:\Users\27471\Desktop\26RemoteCtrl\CubeMX\TouchGFX\generated\gui_generated\include\gui_generated\screen_screen\screenViewBase.hpp' has been changed.
'c:\Users\27471\Desktop\26RemoteCtrl\CubeMX\TouchGFX\target\generated\TouchGFXGeneratedHAL.cpp': dependence 'c:\Users\27471\Desktop\26RemoteCtrl\CubeMX\TouchGFX\generated\gui_generated\include\gui_generated\screen_screen\screenViewBase.hpp' has been changed.

[2026-03-29 21:41:02]	[done]
	build successfully !

[2026-03-29 21:47:02]	[info] incremental build: 1 source files changed
These source files will be recompiled
---
'c:\Users\27471\Desktop\26RemoteCtrl\User\Bsp\st77xx_gfx\st77xx.c': source file has been changed.

[2026-03-29 21:47:03]	[done]
	build successfully !

[2026-03-30 14:23:58]	[info] incremental build: 100 source files changed
These source files will be recompiled
---
'd:\Workspace\26RemoteCtrl\Code\CubeMX\Core\Src\crc.c': compiler options has been changed.
'd:\Workspace\26RemoteCtrl\Code\CubeMX\Core\Src\dma.c': compiler options has been changed.
'd:\Workspace\26RemoteCtrl\Code\CubeMX\Core\Src\dma2d.c': compiler options has been changed.
'd:\Workspace\26RemoteCtrl\Code\CubeMX\Core\Src\gpio.c': compiler options has been changed.
'd:\Workspace\26RemoteCtrl\Code\CubeMX\Core\Src\main.c': compiler options has been changed.
'd:\Workspace\26RemoteCtrl\Code\CubeMX\Core\Src\spi.c': compiler options has been changed.
'd:\Workspace\26RemoteCtrl\Code\CubeMX\Core\Src\stm32f4xx_hal_msp.c': compiler options has been changed.
'd:\Workspace\26RemoteCtrl\Code\CubeMX\Core\Src\stm32f4xx_it.c': compiler options has been changed.
'd:\Workspace\26RemoteCtrl\Code\CubeMX\Core\Src\system_stm32f4xx.c': compiler options has been changed.
'd:\Workspace\26RemoteCtrl\Code\CubeMX\Core\Src\tim.c': compiler options has been changed.
'd:\Workspace\26RemoteCtrl\Code\CubeMX\Core\Src\usart.c': compiler options has been changed.
'd:\Workspace\26RemoteCtrl\Code\CubeMX\Drivers\CMSIS\Device\ST\STM32F4xx\Source\arm\startup_stm32f429xx.s': compiler options has been changed.
'd:\Workspace\26RemoteCtrl\Code\CubeMX\Drivers\STM32F4xx_HAL_Driver\Src\stm32f4xx_hal.c': compiler options has been changed.
'd:\Workspace\26RemoteCtrl\Code\CubeMX\Drivers\STM32F4xx_HAL_Driver\Src\stm32f4xx_hal_cortex.c': compiler options has been changed.
'd:\Workspace\26RemoteCtrl\Code\CubeMX\Drivers\STM32F4xx_HAL_Driver\Src\stm32f4xx_hal_crc.c': compiler options has been changed.
'd:\Workspace\26RemoteCtrl\Code\CubeMX\Drivers\STM32F4xx_HAL_Driver\Src\stm32f4xx_hal_dma.c': compiler options has been changed.
'd:\Workspace\26RemoteCtrl\Code\CubeMX\Drivers\STM32F4xx_HAL_Driver\Src\stm32f4xx_hal_dma2d.c': compiler options has been changed.
'd:\Workspace\26RemoteCtrl\Code\CubeMX\Drivers\STM32F4xx_HAL_Driver\Src\stm32f4xx_hal_dma_ex.c': compiler options has been changed.
'd:\Workspace\26RemoteCtrl\Code\CubeMX\Drivers\STM32F4xx_HAL_Driver\Src\stm32f4xx_hal_exti.c': compiler options has been changed.
'd:\Workspace\26RemoteCtrl\Code\CubeMX\Drivers\STM32F4xx_HAL_Driver\Src\stm32f4xx_hal_flash.c': compiler options has been changed.
'd:\Workspace\26RemoteCtrl\Code\CubeMX\Drivers\STM32F4xx_HAL_Driver\Src\stm32f4xx_hal_flash_ex.c': compiler options has been changed.
'd:\Workspace\26RemoteCtrl\Code\CubeMX\Drivers\STM32F4xx_HAL_Driver\Src\stm32f4xx_hal_flash_ramfunc.c': compiler options has been changed.
'd:\Workspace\26RemoteCtrl\Code\CubeMX\Drivers\STM32F4xx_HAL_Driver\Src\stm32f4xx_hal_gpio.c': compiler options has been changed.
'd:\Workspace\26RemoteCtrl\Code\CubeMX\Drivers\STM32F4xx_HAL_Driver\Src\stm32f4xx_hal_pwr.c': compiler options has been changed.
'd:\Workspace\26RemoteCtrl\Code\CubeMX\Drivers\STM32F4xx_HAL_Driver\Src\stm32f4xx_hal_pwr_ex.c': compiler options has been changed.
'd:\Workspace\26RemoteCtrl\Code\CubeMX\Drivers\STM32F4xx_HAL_Driver\Src\stm32f4xx_hal_rcc.c': compiler options has been changed.
'd:\Workspace\26RemoteCtrl\Code\CubeMX\Drivers\STM32F4xx_HAL_Driver\Src\stm32f4xx_hal_rcc_ex.c': compiler options has been changed.
'd:\Workspace\26RemoteCtrl\Code\CubeMX\Drivers\STM32F4xx_HAL_Driver\Src\stm32f4xx_hal_spi.c': compiler options has been changed.
'd:\Workspace\26RemoteCtrl\Code\CubeMX\Drivers\STM32F4xx_HAL_Driver\Src\stm32f4xx_hal_tim.c': compiler options has been changed.
'd:\Workspace\26RemoteCtrl\Code\CubeMX\Drivers\STM32F4xx_HAL_Driver\Src\stm32f4xx_hal_tim_ex.c': compiler options has been changed.
'd:\Workspace\26RemoteCtrl\Code\CubeMX\Drivers\STM32F4xx_HAL_Driver\Src\stm32f4xx_hal_uart.c': compiler options has been changed.
'd:\Workspace\26RemoteCtrl\Code\CubeMX\TouchGFX\App\app_touchgfx.c': compiler options has been changed.
'd:\Workspace\26RemoteCtrl\Code\CubeMX\TouchGFX\generated\fonts\src\ApplicationFontProvider.cpp': compiler options has been changed.
'd:\Workspace\26RemoteCtrl\Code\CubeMX\TouchGFX\generated\fonts\src\CachedFont.cpp': compiler options has been changed.
'd:\Workspace\26RemoteCtrl\Code\CubeMX\TouchGFX\generated\fonts\src\CompressedFontCache.cpp': compiler options has been changed.
'd:\Workspace\26RemoteCtrl\Code\CubeMX\TouchGFX\generated\fonts\src\CompressedUnmappedFontCache.cpp': compiler options has been changed.
'd:\Workspace\26RemoteCtrl\Code\CubeMX\TouchGFX\generated\fonts\src\FontCache.cpp': compiler options has been changed.
'd:\Workspace\26RemoteCtrl\Code\CubeMX\TouchGFX\generated\fonts\src\Font_verdana_10_4bpp_0.cpp': compiler options has been changed.
'd:\Workspace\26RemoteCtrl\Code\CubeMX\TouchGFX\generated\fonts\src\Font_verdana_20_4bpp_0.cpp': compiler options has been changed.
'd:\Workspace\26RemoteCtrl\Code\CubeMX\TouchGFX\generated\fonts\src\Font_verdana_40_4bpp_0.cpp': compiler options has been changed.
'd:\Workspace\26RemoteCtrl\Code\CubeMX\TouchGFX\generated\fonts\src\Font_verdanab_20_4bpp_0.cpp': compiler options has been changed.
'd:\Workspace\26RemoteCtrl\Code\CubeMX\TouchGFX\generated\fonts\src\Font_verdanai_15_4bpp_0.cpp': compiler options has been changed.
'd:\Workspace\26RemoteCtrl\Code\CubeMX\TouchGFX\generated\fonts\src\Font_verdanai_20_4bpp_0.cpp': compiler options has been changed.
'd:\Workspace\26RemoteCtrl\Code\CubeMX\TouchGFX\generated\fonts\src\Font_verdanaz_22_4bpp_0.cpp': compiler options has been changed.
'd:\Workspace\26RemoteCtrl\Code\CubeMX\TouchGFX\generated\fonts\src\GeneratedFont.cpp': compiler options has been changed.
'd:\Workspace\26RemoteCtrl\Code\CubeMX\TouchGFX\generated\fonts\src\Kerning_verdana_10_4bpp.cpp': compiler options has been changed.
'd:\Workspace\26RemoteCtrl\Code\CubeMX\TouchGFX\generated\fonts\src\Kerning_verdana_20_4bpp.cpp': compiler options has been changed.
'd:\Workspace\26RemoteCtrl\Code\CubeMX\TouchGFX\generated\fonts\src\Kerning_verdana_40_4bpp.cpp': compiler options has been changed.
'd:\Workspace\26RemoteCtrl\Code\CubeMX\TouchGFX\generated\fonts\src\Kerning_verdanab_20_4bpp.cpp': compiler options has been changed.
'd:\Workspace\26RemoteCtrl\Code\CubeMX\TouchGFX\generated\fonts\src\Kerning_verdanai_15_4bpp.cpp': compiler options has been changed.
'd:\Workspace\26RemoteCtrl\Code\CubeMX\TouchGFX\generated\fonts\src\Kerning_verdanai_20_4bpp.cpp': compiler options has been changed.
'd:\Workspace\26RemoteCtrl\Code\CubeMX\TouchGFX\generated\fonts\src\Kerning_verdanaz_22_4bpp.cpp': compiler options has been changed.
'd:\Workspace\26RemoteCtrl\Code\CubeMX\TouchGFX\generated\fonts\src\Table_verdana_10_4bpp.cpp': compiler options has been changed.
'd:\Workspace\26RemoteCtrl\Code\CubeMX\TouchGFX\generated\fonts\src\Table_verdana_20_4bpp.cpp': compiler options has been changed.
'd:\Workspace\26RemoteCtrl\Code\CubeMX\TouchGFX\generated\fonts\src\Table_verdana_40_4bpp.cpp': compiler options has been changed.
'd:\Workspace\26RemoteCtrl\Code\CubeMX\TouchGFX\generated\fonts\src\Table_verdanab_20_4bpp.cpp': compiler options has been changed.
'd:\Workspace\26RemoteCtrl\Code\CubeMX\TouchGFX\generated\fonts\src\Table_verdanai_15_4bpp.cpp': compiler options has been changed.
'd:\Workspace\26RemoteCtrl\Code\CubeMX\TouchGFX\generated\fonts\src\Table_verdanai_20_4bpp.cpp': compiler options has been changed.
'd:\Workspace\26RemoteCtrl\Code\CubeMX\TouchGFX\generated\fonts\src\Table_verdanaz_22_4bpp.cpp': compiler options has been changed.
'd:\Workspace\26RemoteCtrl\Code\CubeMX\TouchGFX\generated\fonts\src\UnmappedDataFont.cpp': compiler options has been changed.
'd:\Workspace\26RemoteCtrl\Code\CubeMX\TouchGFX\generated\fonts\src\VectorFontRendererBuffers.cpp': compiler options has been changed.
'd:\Workspace\26RemoteCtrl\Code\CubeMX\TouchGFX\generated\gui_generated\src\common\FrontendApplicationBase.cpp': compiler options has been changed.
'd:\Workspace\26RemoteCtrl\Code\CubeMX\TouchGFX\generated\gui_generated\src\screen_screen\screenViewBase.cpp': compiler options has been changed.
'd:\Workspace\26RemoteCtrl\Code\CubeMX\TouchGFX\generated\images\src\BitmapDatabase.cpp': compiler options has been changed.
'd:\Workspace\26RemoteCtrl\Code\CubeMX\TouchGFX\generated\images\src\SVGDatabase.cpp': compiler options has been changed.
'd:\Workspace\26RemoteCtrl\Code\CubeMX\TouchGFX\generated\images\src\image_PixPin_2025-11-26_21-33-12.cpp': compiler options has been changed.
'd:\Workspace\26RemoteCtrl\Code\CubeMX\TouchGFX\generated\images\src\image_ky50_50.cpp': compiler options has been changed.
'd:\Workspace\26RemoteCtrl\Code\CubeMX\TouchGFX\generated\texts\src\LanguageGb.cpp': compiler options has been changed.
'd:\Workspace\26RemoteCtrl\Code\CubeMX\TouchGFX\generated\texts\src\Texts.cpp': compiler options has been changed.
'd:\Workspace\26RemoteCtrl\Code\CubeMX\TouchGFX\generated\texts\src\TypedTextDatabase.cpp': compiler options has been changed.
'd:\Workspace\26RemoteCtrl\Code\CubeMX\TouchGFX\gui\src\common\FrontendApplication.cpp': compiler options has been changed.
'd:\Workspace\26RemoteCtrl\Code\CubeMX\TouchGFX\gui\src\model\Model.cpp': compiler options has been changed.
'd:\Workspace\26RemoteCtrl\Code\CubeMX\TouchGFX\gui\src\screen_screen\screenPresenter.cpp': compiler options has been changed.
'd:\Workspace\26RemoteCtrl\Code\CubeMX\TouchGFX\gui\src\screen_screen\screenView.cpp': compiler options has been changed.
'd:\Workspace\26RemoteCtrl\Code\CubeMX\TouchGFX\target\OSWrappers.cpp': compiler options has been changed.
'd:\Workspace\26RemoteCtrl\Code\CubeMX\TouchGFX\target\STM32TouchController.cpp': compiler options has been changed.
'd:\Workspace\26RemoteCtrl\Code\CubeMX\TouchGFX\target\TouchGFXGPIO.cpp': compiler options has been changed.
'd:\Workspace\26RemoteCtrl\Code\CubeMX\TouchGFX\target\TouchGFXHAL.cpp': compiler options has been changed.
'd:\Workspace\26RemoteCtrl\Code\CubeMX\TouchGFX\target\generated\STM32DMA.cpp': compiler options has been changed.
'd:\Workspace\26RemoteCtrl\Code\CubeMX\TouchGFX\target\generated\TouchGFXConfiguration.cpp': compiler options has been changed.
'd:\Workspace\26RemoteCtrl\Code\CubeMX\TouchGFX\target\generated\TouchGFXGeneratedHAL.cpp': compiler options has been changed.
'd:\Workspace\26RemoteCtrl\Code\User\Application\Src\rc_msg_process.c': compiler options has been changed.
'd:\Workspace\26RemoteCtrl\Code\User\Application\Src\rtos_tasks.c': compiler options has been changed.
'd:\Workspace\26RemoteCtrl\Code\User\Bsp\ads868x\ads868x.c': compiler options has been changed.
'd:\Workspace\26RemoteCtrl\Code\User\Bsp\bsp.c': compiler options has been changed.
'd:\Workspace\26RemoteCtrl\Code\User\Bsp\core_delay\core_delay.c': compiler options has been changed.
'd:\Workspace\26RemoteCtrl\Code\User\Bsp\msg_protocol\msg_protocol.c': compiler options has been changed.
'd:\Workspace\26RemoteCtrl\Code\User\Bsp\st77xx_gfx\st77xx.c': compiler options has been changed.
'd:\Workspace\26RemoteCtrl\Code\User\Bsp\syscalls\syscalls.c': compiler options has been changed.
'd:\Workspace\26RemoteCtrl\Code\User\Bsp\usart_ex\usart_ex.c': compiler options has been changed.
'd:\Workspace\26RemoteCtrl\Code\User\Middlewares\FreeRTOS\croutine.c': compiler options has been changed.
'd:\Workspace\26RemoteCtrl\Code\User\Middlewares\FreeRTOS\event_groups.c': compiler options has been changed.
'd:\Workspace\26RemoteCtrl\Code\User\Middlewares\FreeRTOS\list.c': compiler options has been changed.
'd:\Workspace\26RemoteCtrl\Code\User\Middlewares\FreeRTOS\portable\GCC\ARM_CM4F\port.c': compiler options has been changed.
'd:\Workspace\26RemoteCtrl\Code\User\Middlewares\FreeRTOS\portable\MemMang\heap_4.c': compiler options has been changed.
'd:\Workspace\26RemoteCtrl\Code\User\Middlewares\FreeRTOS\queue.c': compiler options has been changed.
'd:\Workspace\26RemoteCtrl\Code\User\Middlewares\FreeRTOS\stream_buffer.c': compiler options has been changed.
'd:\Workspace\26RemoteCtrl\Code\User\Middlewares\FreeRTOS\tasks.c': compiler options has been changed.
'd:\Workspace\26RemoteCtrl\Code\User\Middlewares\FreeRTOS\timers.c': compiler options has been changed.
'd:\Workspace\26RemoteCtrl\Code\User\Utils\ring_fifo\ring_fifo.c': compiler options has been changed.

[2026-03-30 14:24:06]	[done]
	build successfully !

[2026-03-30 14:24:40]	[done]
	build successfully !

